[baseline-browser-mapping] The data in this module is over two months old.  To ensure accurate Baseline data, please update: `npm i baseline-browser-mapping@latest -D`
The Next Bundle Analyzer is not compatible with Turbopack builds yet, no report will be generated.

To run this analysis pass the `--webpack` flag to `next build`
⨯ Unable to acquire lock at C:\Users\ammar\Desktop\AmmarBin\.next\lock, is another instance of next build running?
  Suggestion: If you intended to restart next build, terminate the other process, and then try again.
